// Jest Snapshot v1, https://goo.gl/fbAQLP

exports[`Signup component renders the component by default 1`] = `
<ContextConsumer>
  <Component />
</ContextConsumer>
`;
