// Jest Snapshot v1, https://goo.gl/fbAQLP

exports[`LandingPage component renders the UI as expected 1`] = `
<div
  className="wrapper"
>
  <section
    className="card"
  >
    <h2
      className="landing-page-title"
    >
      Elevate Your Learning
    </h2>
    <p
      className="card-text"
    >
      Keep track of your progress
    </p>
    <p
      className="card-text"
    >
      Identify your struggles
    </p>
    <p
      className="card-text"
    >
      Celebrate your successes
    </p>
  </section>
</div>
`;
