// Jest Snapshot v1, https://goo.gl/fbAQLP

exports[`EntryList component renders the UI as expected 1`] = `
<section
  className="wrapper dashboard-wrapper"
>
  <h2
    className="card-title"
  >
    Dashboard
  </h2>
  <ul
    className="entry-list"
  />
</section>
`;
